// Jest Snapshot v1, https://goo.gl/fbAQLP

exports[`loading screen renders when requesting 1`] = `
<ScrollView>
  <Component
    style={
      Object {
        "alignItems": "center",
        "flex": 1,
        "flexDirection": "column",
        "justifyContent": "center",
        "padding": 16,
      }
    }
  >
    <Component
      animating={true}
      size="large"
      style={
        Object {
          "paddingBottom": 16,
        }
      }
    />
    <Component
      style={
        Object {
          "fontSize": 18,
          "textAlign": "center",
        }
      }
    >
      Your feedback is being submitted...
    </Component>
  </Component>
</ScrollView>
`;

exports[`renders form when request is finished 1`] = `
<_class
  enableAutomaticScroll={true}
  enableResetScrollToCoords={true}
  extraHeight={75}
  extraScrollHeight={0}
  keyboardOpeningTime={250}
  viewIsInsideTabBar={false}
>
  <TouchableWithoutFeedback
    onPress={[Function]}
  >
    <Component
      style={
        Object {
          "flex": 1,
          "flexDirection": "column",
          "marginBottom": 8,
          "marginHorizontal": 8,
          "marginTop": 8,
        }
      }
    >
      <Component
        style={
          Object {
            "flexWrap": "wrap",
            "fontSize": 18,
            "lineHeight": 24,
            "paddingBottom": 16,
          }
        }
      >
        Help us make the 
        Campus Mobile
         app better.
      </Component>
      <Component
        style={
          Object {
            "flexWrap": "wrap",
            "fontSize": 18,
            "lineHeight": 24,
            "paddingBottom": 16,
          }
        }
      >
        Submit your thoughts and suggestions here.
      </Component>
      <Component
        style={
          Object {
            "backgroundColor": "white",
            "borderBottomWidth": 1,
            "borderColor": "#EAEAEA",
            "flexDirection": "row",
            "marginBottom": 8,
          }
        }
      >
        <TextInput
          allowFontScaling={true}
          blurOnSubmit={true}
          maxLength={500}
          multiline={true}
          onChange={[Function]}
          placeholder="Tell us what you think*"
          returnKeyType="done"
          style={
            Object {
              "alignItems": "center",
              "backgroundColor": "#FFFFFF",
              "flex": 1,
              "fontSize": 18,
              "padding": 8,
            }
          }
          underlineColorAndroid="transparent"
          value=""
        />
      </Component>
      <Component
        style={
          Object {
            "borderBottomWidth": 1,
            "borderColor": "#EAEAEA",
            "marginBottom": 8,
          }
        }
      >
        <TextInput
          allowFontScaling={true}
          autoCapitalize="none"
          keyboardType="email-address"
          maxLength={100}
          onChange={[Function]}
          placeholder="Email"
          returnKeyType="done"
          style={
            Object {
              "alignItems": "center",
              "backgroundColor": "#FFFFFF",
              "flex": 1,
              "fontSize": 18,
              "padding": 8,
            }
          }
          underlineColorAndroid="transparent"
          value=""
        />
      </Component>
      <TouchableOpacity
        activeOpacity={0.2}
        onPress={[Function]}
        underlayColor="rgba(200,200,200,.1)"
      >
        <Component
          style={
            Object {
              "alignItems": "center",
              "backgroundColor": "#034262",
              "borderRadius": 3,
              "justifyContent": "center",
              "padding": 10,
            }
          }
        >
          <Component
            style={
              Object {
                "color": "white",
                "fontSize": 16,
              }
            }
          >
            Submit
          </Component>
        </Component>
      </TouchableOpacity>
    </Component>
  </TouchableWithoutFeedback>
</_class>
`;

exports[`renders form when request is finished 2`] = `
<_class
  enableAutomaticScroll={true}
  enableResetScrollToCoords={true}
  extraHeight={75}
  extraScrollHeight={0}
  keyboardOpeningTime={250}
  viewIsInsideTabBar={false}
>
  <TouchableWithoutFeedback
    onPress={[Function]}
  >
    <Component
      style={
        Object {
          "flex": 1,
          "flexDirection": "column",
          "marginBottom": 8,
          "marginHorizontal": 8,
          "marginTop": 8,
        }
      }
    >
      <Component
        style={
          Object {
            "flexWrap": "wrap",
            "fontSize": 18,
            "lineHeight": 24,
            "paddingBottom": 16,
          }
        }
      >
        Help us make the 
        Campus Mobile
         app better.
      </Component>
      <Component
        style={
          Object {
            "flexWrap": "wrap",
            "fontSize": 18,
            "lineHeight": 24,
            "paddingBottom": 16,
          }
        }
      >
        Submit your thoughts and suggestions here.
      </Component>
      <Component
        style={
          Object {
            "backgroundColor": "white",
            "borderBottomWidth": 1,
            "borderColor": "#EAEAEA",
            "flexDirection": "row",
            "marginBottom": 8,
          }
        }
      >
        <TextInput
          allowFontScaling={true}
          blurOnSubmit={true}
          maxLength={500}
          multiline={true}
          onChange={[Function]}
          placeholder="Tell us what you think*"
          returnKeyType="done"
          style={
            Object {
              "alignItems": "center",
              "backgroundColor": "#FFFFFF",
              "flex": 1,
              "fontSize": 18,
              "padding": 8,
            }
          }
          underlineColorAndroid="transparent"
          value=""
        />
      </Component>
      <Component
        style={
          Object {
            "borderBottomWidth": 1,
            "borderColor": "#EAEAEA",
            "marginBottom": 8,
          }
        }
      >
        <TextInput
          allowFontScaling={true}
          autoCapitalize="none"
          keyboardType="email-address"
          maxLength={100}
          onChange={[Function]}
          placeholder="Email"
          returnKeyType="done"
          style={
            Object {
              "alignItems": "center",
              "backgroundColor": "#FFFFFF",
              "flex": 1,
              "fontSize": 18,
              "padding": 8,
            }
          }
          underlineColorAndroid="transparent"
          value=""
        />
      </Component>
      <TouchableOpacity
        activeOpacity={0.2}
        onPress={[Function]}
        underlayColor="rgba(200,200,200,.1)"
      >
        <Component
          style={
            Object {
              "alignItems": "center",
              "backgroundColor": "#034262",
              "borderRadius": 3,
              "justifyContent": "center",
              "padding": 10,
            }
          }
        >
          <Component
            style={
              Object {
                "color": "white",
                "fontSize": 16,
              }
            }
          >
            Submit
          </Component>
        </Component>
      </TouchableOpacity>
    </Component>
  </TouchableWithoutFeedback>
</_class>
`;

exports[`renders without crashing 1`] = `
<_class
  enableAutomaticScroll={true}
  enableResetScrollToCoords={true}
  extraHeight={75}
  extraScrollHeight={0}
  keyboardOpeningTime={250}
  viewIsInsideTabBar={false}
>
  <TouchableWithoutFeedback
    onPress={[Function]}
  >
    <Component
      style={
        Object {
          "flex": 1,
          "flexDirection": "column",
          "marginBottom": 8,
          "marginHorizontal": 8,
          "marginTop": 8,
        }
      }
    >
      <Component
        style={
          Object {
            "flexWrap": "wrap",
            "fontSize": 18,
            "lineHeight": 24,
            "paddingBottom": 16,
          }
        }
      >
        Help us make the 
        Campus Mobile
         app better.
      </Component>
      <Component
        style={
          Object {
            "flexWrap": "wrap",
            "fontSize": 18,
            "lineHeight": 24,
            "paddingBottom": 16,
          }
        }
      >
        Submit your thoughts and suggestions here.
      </Component>
      <Component
        style={
          Object {
            "backgroundColor": "white",
            "borderBottomWidth": 1,
            "borderColor": "#EAEAEA",
            "flexDirection": "row",
            "marginBottom": 8,
          }
        }
      >
        <TextInput
          allowFontScaling={true}
          blurOnSubmit={true}
          maxLength={500}
          multiline={true}
          onChange={[Function]}
          placeholder="Tell us what you think*"
          returnKeyType="done"
          style={
            Object {
              "alignItems": "center",
              "backgroundColor": "#FFFFFF",
              "flex": 1,
              "fontSize": 18,
              "padding": 8,
            }
          }
          underlineColorAndroid="transparent"
          value=""
        />
      </Component>
      <Component
        style={
          Object {
            "borderBottomWidth": 1,
            "borderColor": "#EAEAEA",
            "marginBottom": 8,
          }
        }
      >
        <TextInput
          allowFontScaling={true}
          autoCapitalize="none"
          keyboardType="email-address"
          maxLength={100}
          onChange={[Function]}
          placeholder="Email"
          returnKeyType="done"
          style={
            Object {
              "alignItems": "center",
              "backgroundColor": "#FFFFFF",
              "flex": 1,
              "fontSize": 18,
              "padding": 8,
            }
          }
          underlineColorAndroid="transparent"
          value=""
        />
      </Component>
      <TouchableOpacity
        activeOpacity={0.2}
        onPress={[Function]}
        underlayColor="rgba(200,200,200,.1)"
      >
        <Component
          style={
            Object {
              "alignItems": "center",
              "backgroundColor": "#034262",
              "borderRadius": 3,
              "justifyContent": "center",
              "padding": 10,
            }
          }
        >
          <Component
            style={
              Object {
                "color": "white",
                "fontSize": 16,
              }
            }
          >
            Submit
          </Component>
        </Component>
      </TouchableOpacity>
    </Component>
  </TouchableWithoutFeedback>
</_class>
`;
